@@success@@ 2026-08-08 19:27:25 | [smartreco_Graph_Seed EGRESS] seed_from_akg finished | Latency: 0.0000s
=== AI RESPONSE PAYLOAD ===
None
===========================
@@success@@ 2026-08-08 19:27:26 | [smartreco_Merlin_Discover EGRESS] discover finished | Latency: 0.2731s
=== AI RESPONSE PAYLOAD ===
[
  "source_entity='sales_data.marketing_spend' target_entity='sales_data.customer_acquisition' merlin_chi_squared=3030.8111 merlin_p_value=0.0 arthur_cascade_impact=None arthur_compensation_signal=None validation_status=<ValidationStatus.pending_arthur: 'pending_arthur'> equivalence_class_id=None dag_depth=None first_observed=datetime.datetime(2026, 8, 8, 19, 27, 25, 944980) last_observed=datetime.datetime(2026, 8, 8, 19, 27, 25, 944980) observation_count=1 rl_weight=1.0 metadata={}",
  "source_entity='sales_data.marketing_spend' target_entity='sales_data.revenue' merlin_chi_squared=985.9973 merlin_p_value=0.0 arthur_cascade_impact=None arthur_compensation_signal=None validation_status=<ValidationStatus.pending_arthur: 'pending_arthur'> equivalence_class_id=None dag_depth=None first_observed=datetime.datetime(2026, 8, 8, 19, 27, 25, 938683) last_observed=datetime.datetime(2026, 8, 8, 19, 27, 25, 938683) observation_count=1 rl_weight=1.0 metadata={}",
  "source_entity='sales_data.revenue' target_entity='sales_data.customer_acquisition' merlin_chi_squared=961.8952 merlin_p_value=0.0 arthur_cascade_impact=None arthur_compensation_signal=None validation_status=<ValidationStatus.pending_arthur: 'pending_arthur'> equivalence_class_id=None dag_depth=None first_observed=datetime.datetime(2026, 8, 8, 19, 27, 26, 67751) last_observed=datetime.datetime(2026, 8, 8, 19, 27, 26, 67751) observation_count=1 rl_weight=1.0 metadata={}",
  "source_entity='sales_data.weather_score' target_entity='sales_data.umbrella_sales' merlin_chi_squared=502.7093 merlin_p_value=0.0 arthur_cascade_impact=None arthur_compensation_signal=None validation_status=<ValidationStatus.pending_arthur: 'pending_arthur'> equivalence_class_id=None dag_depth=None first_observed=datetime.datetime(2026, 8, 8, 19, 27, 26, 162750) last_observed=datetime.datetime(2026, 8, 8, 19, 27, 26, 162750) observation_count=1 rl_weight=1.0 metadata={}",
  "source_entity='sales_data.weather_score' target_entity='sales_data.insurance_claims' merlin_chi_squared=485.7967 merlin_p_value=0.0 arthur_cascade_impact=None arthur_compensation_signal=None validation_status=<ValidationStatus.pending_arthur: 'pending_arthur'> equivalence_class_id=None dag_depth=None first_observed=datetime.datetime(2026, 8, 8, 19, 27, 26, 165750) last_observed=datetime.datetime(2026, 8, 8, 19, 27, 26, 165750) observation_count=1 rl_weight=1.0 metadata={}",
  "source_entity='sales_data.support_tickets' target_entity='sales_data.churn' merlin_chi_squared=389.3318 merlin_p_value=0.0 arthur_cascade_impact=None arthur_compensation_signal=None validation_status=<ValidationStatus.pending_arthur: 'pending_arthur'> equivalence_class_id=None dag_depth=None first_observed=datetime.datetime(2026, 8, 8, 19, 27, 26, 123752) last_observed=datetime.datetime(2026, 8, 8, 19, 27, 26, 123752) observation_count=1 rl_weight=1.0 metadata={}",
  "source_entity='sales_data.umbrella_sales' target_entity='sales_data.insurance_claims' merlin_chi_squared=356.6866 merlin_p_value=0.0 arthur_cascade_impact=None arthur_compensation_signal=None validation_status=<ValidationStatus.pending_arthur: 'pending_arthur'> equivalence_class_id=None dag_depth=None first_observed=datetime.datetime(2026, 8, 8, 19, 27, 26, 178759) last_observed=datetime.datetime(2026, 8, 8, 19, 27, 26, 178759) observation_count=1 rl_weight=1.0 metadata={}",
  "source_entity='sales_data.revenue' target_entity='sales_data.office_temperature' merlin_chi_squared=105.1984 merlin_p_value=0.036688 arthur_cascade_impact=None arthur_compensation_signal=None validation_status=<ValidationStatus.pending_arthur: 'pending_arthur'> equivalence_class_id=None dag_depth=None first_observed=datetime.datetime(2026, 8, 8, 19, 27, 26, 90751) last_observed=datetime.datetime(2026, 8, 8, 19, 27, 26, 90751) observation_count=1 rl_weight=1.0 metadata={}",
  "source_entity='sales_data.insurance_claims' target_entity='sales_data.day_of_week' merlin_chi_squared=18.4877 merlin_p_value=0.047273 arthur_cascade_impact=None arthur_compensation_signal=None validation_status=<ValidationStatus.pending_arthur: 'pending_arthur'> equivalence_class_id=None dag_depth=None first_observed=datetime.datetime(2026, 8, 8, 19, 27, 26, 196284) last_observed=datetime.datetime(2026, 8, 8, 19, 27, 26, 196284) observation_count=1 rl_weight=1.0 metadata={}"
]
===========================
@@success@@ 2026-08-08 19:27:26 | [smartreco_Arthur_Validate EGRESS] validate finished | Latency: 0.0010s
=== AI RESPONSE PAYLOAD ===
JacobianResult(jacobian=array([[0., 0.],
       [0., 0.]]), class_labels=['ec_sales_data.marketing_spend_sales_data.revenue', 'ec_sales_data.weather_score_sales_data.insurance_claims'], signals=[SignalClassification(source_class='ec_sales_data.marketing_spend_sales_data.revenue', target_class='ec_sales_data.weather_score_sales_data.insurance_claims', delta_chi_squared=0.0, signal_type='independence'), SignalClassification(source_class='ec_sales_data.weather_score_sales_data.insurance_claims', target_class='ec_sales_data.marketing_spend_sales_data.revenue', delta_chi_squared=0.0, signal_type='independence')], symmetric_part=array([[0., 0.],
       [0., 0.]]), skew_symmetric_part=array([[0., 0.],
       [0., 0.]]), eigenvalues=array([0., 0.]), eigenvectors=array([[0., 1.],
       [1., 0.]]), equivalence_classes=[EquivalenceClass(class_id='ec_sales_data.marketing_spend_sales_data.revenue', member_edges=['sales_data.marketing_spend::sales_data.revenue', 'sales_data.marketing_spend::sales_data.customer_acquisition', 'sales_data.revenue::sales_data.customer_acquisition', 'sales_data.revenue::sales_data.office_temperature'], logical_source='sales_data.marketing_spend|sales_data.revenue', logical_target='sales_data.customer_acquisition|sales_data.office_temperature|sales_data.revenue', edge_count=4, aggregate_chi_squared=3030.8111), EquivalenceClass(class_id='ec_sales_data.weather_score_sales_data.insurance_claims', member_edges=['sales_data.weather_score::sales_data.insurance_claims', 'sales_data.weather_score::sales_data.umbrella_sales', 'sales_data.umbrella_sales::sales_data.insurance_claims', 'sales_data.insurance_claims::sales_data.day_of_week'], logical_source='sales_data.insurance_claims|sales_data.umbrella_sales|sales_data.weather_score', logical_target='sales_data.day_of_week|sales_data.insurance_claims|sales_data.umbrella_sales', edge_count=4, aggregate_chi_squared=502.7093)], independence_threshold=0.5, edge_count_tested=9, class_count=2)
===========================
